
> scopeis-team-management-system@0.1.0 test:responsive
> node scripts/run-responsive-playwright.mjs -g monthly timetable|clear user journeys


Running 2 tests using 1 worker

  ✓  1 test/e2e/responsive.spec.ts:579:1 › monthly timetable and people catalogues stay usable across phone, desktop, RTL and reduced motion (11.9s)
  ✘  2 test/e2e/responsive.spec.ts:642:1 › clear user journeys keep every authorized tab understandable and make the main tasks work on phone and desktop (9.9s)


  1) test/e2e/responsive.spec.ts:642:1 › clear user journeys keep every authorized tab understandable and make the main tasks work on phone and desktop 

    Error: expect(locator).toBeVisible() failed

    Locator: getByRole('heading', { name: 'Cora Bell’s recorded skills' })
    Expected: visible
    Timeout: 5000ms
    Error: element(s) not found

    Call log:
      - Expect "toBeVisible" with timeout 5000ms
      - waiting for getByRole('heading', { name: 'Cora Bell’s recorded skills' })


      690 |     await page.getByRole("combobox", { name: "Person", exact: true }).selectOption("mock-employee-cora");
      691 |     await page.getByRole("button", { name: "View skills", exact: true }).click();
    > 692 |     await expect(page.getByRole("heading", { name: "Cora Bell’s recorded skills" })).toBeVisible();
          |                                                                                      ^
      693 |     await page.getByRole("button", { name: "Record a skill for Cora Bell", exact: true }).click();
      694 |     const record = page.getByRole("dialog").getByRole("form", { name: "Record employee skill" });
      695 |     await expect(record.locator('input[name="employeeUserId"]')).toHaveValue("mock-employee-cora");
        at /private/tmp/scopeis-company-demo-build-20261006/test/e2e/responsive.spec.ts:692:86

    Error Context: test-results/responsive/responsive-clear-user-jour-6d94e-s-work-on-phone-and-desktop/error-context.md

    attachment #2: trace (application/zip) ─────────────────────────────────────────────────────────
    test-results/responsive/responsive-clear-user-jour-6d94e-s-work-on-phone-and-desktop/trace.zip
    Usage:

        npx playwright show-trace test-results/responsive/responsive-clear-user-jour-6d94e-s-work-on-phone-and-desktop/trace.zip

    ────────────────────────────────────────────────────────────────────────────────────────────────

  1 failed
    test/e2e/responsive.spec.ts:642:1 › clear user journeys keep every authorized tab understandable and make the main tasks work on phone and desktop 
  1 passed (39.8s)
Responsive browser disposable database cleanup complete.
