
> scopeis-team-management-system@0.1.0 test:system-lock
> node scripts/run-system-lock.mjs


===== SYSTEM LOCK :: Scenario manifest validation =====
Scenario manifest validation (PASS):
  Checkpoint: SCOPEIS_PRE_PHASE_12_SYSTEM_WIDE_HARDENING_AND_REGRESSION_LOCK_R1
  Scenarios: 71 (70 automated, 1 manual)
  Domain counts: SYS=13, AUTH=7, EMP=7, ORG=4, SCH=4, LEV=4, SKL=4, CVR=4, MAP=5, EVD=4, COL=4, NTF=2, AUD=2, RPT=4, UI=3
  Registered test files: 72; runner-covered files: 72
  Protected routes: 30; route certification evidence present.
----- Scenario manifest validation: PASS -----

===== SYSTEM LOCK :: Typecheck =====
----- Typecheck: PASS -----

===== SYSTEM LOCK :: Lint =====
----- Lint: PASS -----

===== SYSTEM LOCK :: Unit tests =====

 RUN  v4.1.11 /Users/mulhamkassab/Desktop/For Me/ScopeIs Team Management System


 Test Files  20 passed (20)
      Tests  131 passed (131)
   Start at  23:22:12
   Duration  3.71s (transform 195ms, setup 646ms, import 1.36s, tests 652ms, environment 1ms)

----- Unit tests: PASS -----

===== SYSTEM LOCK :: Component tests =====

 RUN  v4.1.11 /Users/mulhamkassab/Desktop/For Me/ScopeIs Team Management System

Not implemented: navigation to another Document

 Test Files  22 passed (22)
      Tests  103 passed (103)
   Start at  23:22:16
   Duration  10.68s (transform 322ms, setup 630ms, import 1.26s, tests 2.59s, environment 5.02s)

----- Component tests: PASS -----

===== SYSTEM LOCK :: Aggregate integration tests =====

=== Phase 1 PostgreSQL foundation :: test/integration/foundation-postgres.test.ts (isolated disposable database) ===

 RUN  v4.1.11 /Users/mulhamkassab/Desktop/For Me/ScopeIs Team Management System

 ✓ test/integration/foundation-postgres.test.ts (5 tests) 29ms

 Test Files  1 passed (1)
      Tests  5 passed (5)
   Start at  23:22:28
   Duration  347ms (transform 48ms, setup 39ms, import 223ms, tests 29ms, environment 0ms)

--- Phase 1 PostgreSQL foundation: PASS ---

=== Phase 2 employee core service :: test/integration/phase2-core-service.test.ts (isolated disposable database) ===

 RUN  v4.1.11 /Users/mulhamkassab/Desktop/For Me/ScopeIs Team Management System

 ✓ test/integration/phase2-core-service.test.ts (13 tests) 134ms

 Test Files  1 passed (1)
      Tests  13 passed (13)
   Start at  23:22:28
   Duration  533ms (transform 83ms, setup 45ms, import 270ms, tests 134ms, environment 0ms)

--- Phase 2 employee core service: PASS ---

=== Phase 3 operational service :: test/integration/phase3-operational-service.test.ts (isolated disposable database) ===

 RUN  v4.1.11 /Users/mulhamkassab/Desktop/For Me/ScopeIs Team Management System

 ✓ test/integration/phase3-operational-service.test.ts (7 tests) 117ms

 Test Files  1 passed (1)
      Tests  7 passed (7)
   Start at  23:22:29
   Duration  462ms (transform 62ms, setup 43ms, import 242ms, tests 117ms, environment 0ms)

--- Phase 3 operational service: PASS ---

=== Phase 4 scheduling service :: test/integration/phase4-scheduling-service.test.ts (isolated disposable database) ===

 RUN  v4.1.11 /Users/mulhamkassab/Desktop/For Me/ScopeIs Team Management System

(node:57572) DeprecationWarning: Calling client.query() when the client is already executing a query is deprecated and will be removed in pg@9.0. Use async/await or an external async flow control mechanism instead.
(Use `node --trace-deprecation ...` to show where the warning was created)
 ✓ test/integration/phase4-scheduling-service.test.ts (9 tests) 223ms

 Test Files  1 passed (1)
      Tests  9 passed (9)
   Start at  23:22:31
   Duration  588ms (transform 84ms, setup 43ms, import 264ms, tests 223ms, environment 0ms)

--- Phase 4 scheduling service: PASS ---

=== Phase 5 leave service :: test/integration/phase5-leave-service.test.ts (isolated disposable database) ===

 RUN  v4.1.11 /Users/mulhamkassab/Desktop/For Me/ScopeIs Team Management System

(node:57588) DeprecationWarning: Calling client.query() when the client is already executing a query is deprecated and will be removed in pg@9.0. Use async/await or an external async flow control mechanism instead.
(Use `node --trace-deprecation ...` to show where the warning was created)
 ✓ test/integration/phase5-leave-service.test.ts (6 tests) 151ms

 Test Files  1 passed (1)
      Tests  6 passed (6)
   Start at  23:22:32
   Duration  512ms (transform 79ms, setup 43ms, import 260ms, tests 151ms, environment 0ms)

--- Phase 5 leave service: PASS ---

=== Phase 6 capabilities service :: test/integration/phase6-capabilities-service.test.ts (isolated disposable database) ===

 RUN  v4.1.11 /Users/mulhamkassab/Desktop/For Me/ScopeIs Team Management System

(node:57618) DeprecationWarning: Calling client.query() when the client is already executing a query is deprecated and will be removed in pg@9.0. Use async/await or an external async flow control mechanism instead.
(Use `node --trace-deprecation ...` to show where the warning was created)
 ✓ test/integration/phase6-capabilities-service.test.ts (3 tests) 171ms

 Test Files  1 passed (1)
      Tests  3 passed (3)
   Start at  23:22:33
   Duration  613ms (transform 114ms, setup 52ms, import 311ms, tests 171ms, environment 0ms)

--- Phase 6 capabilities service: PASS ---

=== Phase 7 coverage service :: test/integration/phase7-coverage-service.test.ts (isolated disposable database) ===

 RUN  v4.1.11 /Users/mulhamkassab/Desktop/For Me/ScopeIs Team Management System

(node:57634) DeprecationWarning: Calling client.query() when the client is already executing a query is deprecated and will be removed in pg@9.0. Use async/await or an external async flow control mechanism instead.
(Use `node --trace-deprecation ...` to show where the warning was created)
 ✓ test/integration/phase7-coverage-service.test.ts (6 tests) 356ms

 Test Files  1 passed (1)
      Tests  6 passed (6)
   Start at  23:22:34
   Duration  797ms (transform 128ms, setup 41ms, import 342ms, tests 356ms, environment 0ms)

--- Phase 7 coverage service: PASS ---

=== Phase 8 planning map service :: test/integration/phase8-planning-map-service.test.ts (isolated disposable database) ===

 RUN  v4.1.11 /Users/mulhamkassab/Desktop/For Me/ScopeIs Team Management System

 ✓ test/integration/phase8-planning-map-service.test.ts (1 test) 62ms

 Test Files  1 passed (1)
      Tests  1 passed (1)
   Start at  23:22:36
   Duration  434ms (transform 92ms, setup 40ms, import 274ms, tests 62ms, environment 0ms)

--- Phase 8 planning map service: PASS ---

=== Phase 9 capability evidence service :: test/integration/phase9-evidence-service.test.ts (isolated disposable database) ===

 RUN  v4.1.11 /Users/mulhamkassab/Desktop/For Me/ScopeIs Team Management System

(node:57668) DeprecationWarning: Calling client.query() when the client is already executing a query is deprecated and will be removed in pg@9.0. Use async/await or an external async flow control mechanism instead.
(Use `node --trace-deprecation ...` to show where the warning was created)
 ✓ test/integration/phase9-evidence-service.test.ts (12 tests) 178ms

 Test Files  1 passed (1)
      Tests  12 passed (12)
   Start at  23:22:37
   Duration  696ms (transform 118ms, setup 41ms, import 420ms, tests 178ms, environment 0ms)

--- Phase 9 capability evidence service: PASS ---

=== Phase 10 collaboration and governance service :: test/integration/phase10-collaboration-service.test.ts, test/integration/phase10-management-note-authorization.test.ts (isolated disposable database) ===

 RUN  v4.1.11 /Users/mulhamkassab/Desktop/For Me/ScopeIs Team Management System

 ✓ test/integration/phase10-collaboration-service.test.ts (11 tests) 135ms
 ✓ test/integration/phase10-management-note-authorization.test.ts (15 tests) 142ms

 Test Files  2 passed (2)
      Tests  26 passed (26)
   Start at  23:22:38
   Duration  947ms (transform 106ms, setup 72ms, import 481ms, tests 278ms, environment 0ms)

--- Phase 10 collaboration and governance service: PASS ---

=== Phase 11 reporting service :: test/integration/phase11-reporting-service.test.ts (isolated disposable database) ===

 RUN  v4.1.11 /Users/mulhamkassab/Desktop/For Me/ScopeIs Team Management System

 ✓ test/integration/phase11-reporting-service.test.ts (35 tests) 1358ms
     ✓ sums more than 5,000 source assignments before grouping and keeps the export row cap  324ms
     ✓ counts and paginates every balance employee and refuses an over-cap export  600ms

 Test Files  1 passed (1)
      Tests  35 passed (35)
   Start at  23:22:40
   Duration  1.79s (transform 138ms, setup 40ms, import 334ms, tests 1.36s, environment 0ms)

--- Phase 11 reporting service: PASS ---

=== Credential authentication service :: test/integration/credential-authentication.test.ts (isolated disposable database) ===

 RUN  v4.1.11 /Users/mulhamkassab/Desktop/For Me/ScopeIs Team Management System

 ✓ test/integration/credential-authentication.test.ts (20 tests) 2195ms
       ✓ initializes exactly five credentials once and is idempotent on re-run  433ms
       ✓ accepts every approved account by username and by email  447ms
       ✓ serializes concurrent failures so the threshold cannot be bypassed  385ms

 Test Files  1 passed (1)
      Tests  20 passed (20)
   Start at  23:22:42
   Duration  2.52s (transform 53ms, setup 42ms, import 227ms, tests 2.20s, environment 0ms)

--- Credential authentication service: PASS ---

=== Account administration service :: test/integration/account-administration.test.ts (isolated disposable database) ===

 RUN  v4.1.11 /Users/mulhamkassab/Desktop/For Me/ScopeIs Team Management System

 ✓ test/integration/account-administration.test.ts (26 tests) 1795ms

 Test Files  1 passed (1)
      Tests  26 passed (26)
   Start at  23:22:45
   Duration  2.15s (transform 83ms, setup 40ms, import 263ms, tests 1.80s, environment 0ms)

--- Account administration service: PASS ---

Aggregate integration summary (each suite in its own disposable database):
  PASS  Phase 1 PostgreSQL foundation
  PASS  Phase 2 employee core service
  PASS  Phase 3 operational service
  PASS  Phase 4 scheduling service
  PASS  Phase 5 leave service
  PASS  Phase 6 capabilities service
  PASS  Phase 7 coverage service
  PASS  Phase 8 planning map service
  PASS  Phase 9 capability evidence service
  PASS  Phase 10 collaboration and governance service
  PASS  Phase 11 reporting service
  PASS  Credential authentication service
  PASS  Account administration service
  Overall: 13/13 suites passed
----- Aggregate integration tests: PASS -----

===== SYSTEM LOCK :: Migration tests =====

 RUN  v4.1.11 /Users/mulhamkassab/Desktop/For Me/ScopeIs Team Management System

 ✓ test/migration/phase2-database-foundation.test.ts (8 tests) 2302ms
     ✓ refuses a partial Phase 2 schema with a non-zero CLI exit and no mutation  334ms
     ✓ refuses ledger/schema disagreement with a non-zero exit and no mutation  411ms
     ✓ detects migration, journal, manifest, and TypeScript-schema drift  758ms

 Test Files  1 passed (1)
      Tests  8 passed (8)
   Start at  23:22:47
   Duration  2.60s (transform 37ms, setup 41ms, import 192ms, tests 2.30s, environment 0ms)

----- Migration tests: PASS -----

===== SYSTEM LOCK :: Route certification =====
▲ Next.js 16.3.3 (webpack)
✓ Running next.config.ts took 118ms

  Creating an optimized production build ...
✓ Compiled successfully in 5.2s
  Running TypeScript ...
  Finished TypeScript in 3.6s ...
  Collecting page data using 9 workers ...
  Generating static pages using 9 workers (0/7) ...
  Generating static pages using 9 workers (1/7)
  Generating static pages using 9 workers (3/7)
  Generating static pages using 9 workers (5/7)
✓ Generating static pages using 9 workers (7/7) in 83ms
  Finalizing page optimization ...
  Collecting build traces ...

Route (app)
┌ ƒ /
├ ƒ /_not-found
├ ƒ /[module]
├ ƒ /account/change-password
├ ƒ /accounts
├ ƒ /api/auth/login
├ ƒ /api/auth/logout
├ ƒ /api/auth/mock-login
├ ƒ /api/evidence/[evidenceId]/files
├ ƒ /api/evidence/files/[fileId]
├ ƒ /api/foundation/scope/[scopeRef]
├ ƒ /api/reports/[reportKey]/export
├ ƒ /audit
├ ƒ /clients
├ ƒ /clients/[clientId]
├ ƒ /coverage
├ ƒ /dashboard
├ ƒ /employees
├ ƒ /employees/[userId]
├ ƒ /leave
├ ƒ /locations
├ ƒ /locations/[locationId]
├ ƒ /login
├ ƒ /map
├ ƒ /notifications
├ ƒ /profile
├ ƒ /projects
├ ƒ /projects/[projectId]
├ ƒ /replacements
├ ƒ /reports
├ ƒ /reports/[reportKey]
├ ƒ /requests
├ ƒ /schedule
└ ƒ /skills


ƒ  (Dynamic)  server-rendered on demand

▲ Next.js 16.3.3
- Local:         http://127.0.0.1:53735
- Network:       http://127.0.0.1:53735
✓ Ready in 76ms
✓ Running next.config.ts took 13ms

 RUN  v4.1.11 /Users/mulhamkassab/Desktop/For Me/ScopeIs Team Management System

 ✓ test/route-certification/phase1-http.test.ts (18 tests) 1176ms

 Test Files  1 passed (1)
      Tests  18 passed (18)
   Start at  23:23:03
   Duration  1.35s (transform 26ms, setup 74ms, import 29ms, tests 1.18s, environment 0ms)

Phase 1 test server cleanup complete.
Phase 1 route certification runner cleanup complete.
----- Route certification: PASS -----

===== SYSTEM LOCK :: Isolation tests =====
Isolation proof
  PASS  disposable databases are distinct — scopeis_isolation_probe_one_57896_f5d540e5b4_test vs scopeis_isolation_probe_two_57896_3d761dbf0a_test
  PASS  disposable database names are test-scoped — persistent target is scopeis_team_management_test
  PASS  one disposable database cannot see the other's rows — observed 0 and 0
  PASS  disposable databases are dropped after their suite finishes
  PASS  persistent configured test database is unchanged by disposable work
  PASS  allocated loopback ports are unique — 53886, 53887, 53888
  PASS  allocated loopback ports are non-privileged
  PASS  unsafe disposable names are refused — 5/5 refused
  PASS  no harness or configuration file loads or reads .env.production — 64 files scanned
Isolation proof: 9/9 checks passed
----- Isolation tests: PASS -----

===== SYSTEM LOCK :: Seed smoke =====
Seeded 5 fictional mock personas.
Fictional seed pass 1 completed (idempotent re-run included).
Seeded 5 fictional mock personas.
Fictional seed pass 2 completed (idempotent re-run included).
Fictional seed smoke verified 5 personas and 2 non-duplicated Admin scope grants.
Fictional seed smoke verified capability evidence with an opaque private file object.
Fictional seed smoke verified shared-note revision history, notification, audit event, and the discussion parent guard.
Seed smoke disposable database cleanup complete (PASS).
----- Seed smoke: PASS -----

===== SYSTEM LOCK :: Fresh-system smoke =====
System smoke verified migration State D and fingerprint tables.
Seeded 5 fictional mock personas.
System smoke seed pass 1 completed.
Seeded 5 fictional mock personas.
System smoke seed pass 2 completed.
▲ Next.js 16.3.3 (webpack)
✓ Running next.config.ts took 10ms

  Creating an optimized production build ...
✓ Compiled successfully in 5.2s
  Running TypeScript ...
  Finished TypeScript in 3.6s ...
  Collecting page data using 9 workers ...
  Generating static pages using 9 workers (0/7) ...
  Generating static pages using 9 workers (1/7)
  Generating static pages using 9 workers (3/7)
  Generating static pages using 9 workers (5/7)
✓ Generating static pages using 9 workers (7/7) in 133ms
  Finalizing page optimization ...
  Collecting build traces ...

Route (app)
┌ ƒ /
├ ƒ /_not-found
├ ƒ /[module]
├ ƒ /account/change-password
├ ƒ /accounts
├ ƒ /api/auth/login
├ ƒ /api/auth/logout
├ ƒ /api/auth/mock-login
├ ƒ /api/evidence/[evidenceId]/files
├ ƒ /api/evidence/files/[fileId]
├ ƒ /api/foundation/scope/[scopeRef]
├ ƒ /api/reports/[reportKey]/export
├ ƒ /audit
├ ƒ /clients
├ ƒ /clients/[clientId]
├ ƒ /coverage
├ ƒ /dashboard
├ ƒ /employees
├ ƒ /employees/[userId]
├ ƒ /leave
├ ƒ /locations
├ ƒ /locations/[locationId]
├ ƒ /login
├ ƒ /map
├ ƒ /notifications
├ ƒ /profile
├ ƒ /projects
├ ƒ /projects/[projectId]
├ ƒ /replacements
├ ƒ /reports
├ ƒ /reports/[reportKey]
├ ƒ /requests
├ ƒ /schedule
└ ƒ /skills


ƒ  (Dynamic)  server-rendered on demand

▲ Next.js 16.3.3
- Local:         http://127.0.0.1:53906
- Network:       http://127.0.0.1:53906
✓ Ready in 82ms
✓ Running next.config.ts took 14ms
System smoke server ready on loopback port.
System smoke verified anonymous enforcement.
System smoke verified all five persona route and scope contracts plus sign-in audit events.
System smoke verified a recipient notification round-trip.
Phase 1 test server cleanup complete.
Phase 2 safe build preflight passed: isolated copy contains no .env* files.
Phase 2 isolated typecheck passed.
▲ Next.js 16.3.3 (webpack)
✓ Running next.config.ts took 10ms

  Creating an optimized production build ...
✓ Compiled successfully in 5.5s
  Running TypeScript ...
  Finished TypeScript in 3.8s ...
  Collecting page data using 9 workers ...
  Generating static pages using 9 workers (0/7) ...
  Generating static pages using 9 workers (1/7)
  Generating static pages using 9 workers (3/7)
  Generating static pages using 9 workers (5/7)
✓ Generating static pages using 9 workers (7/7) in 64ms
  Finalizing page optimization ...
  Collecting build traces ...

Route (app)
┌ ƒ /
├ ƒ /_not-found
├ ƒ /[module]
├ ƒ /account/change-password
├ ƒ /accounts
├ ƒ /api/auth/login
├ ƒ /api/auth/logout
├ ƒ /api/auth/mock-login
├ ƒ /api/evidence/[evidenceId]/files
├ ƒ /api/evidence/files/[fileId]
├ ƒ /api/foundation/scope/[scopeRef]
├ ƒ /api/reports/[reportKey]/export
├ ƒ /audit
├ ƒ /clients
├ ƒ /clients/[clientId]
├ ƒ /coverage
├ ƒ /dashboard
├ ƒ /employees
├ ƒ /employees/[userId]
├ ƒ /leave
├ ƒ /locations
├ ƒ /locations/[locationId]
├ ƒ /login
├ ƒ /map
├ ƒ /notifications
├ ƒ /profile
├ ƒ /projects
├ ƒ /projects/[projectId]
├ ƒ /replacements
├ ƒ /reports
├ ƒ /reports/[reportKey]
├ ƒ /requests
├ ƒ /schedule
└ ƒ /skills


ƒ  (Dynamic)  server-rendered on demand

Phase 2 isolated safe build cleanup complete.
System smoke safe build completed.
System smoke disposable environment cleanup complete (PASS).
----- Fresh-system smoke: PASS -----

===== SYSTEM LOCK :: Aggregate E2E =====

=== Phase 1 foundation shell, personas, and scope :: node scripts/run-phase1-playwright.mjs (own disposable database + allocated port) ===

Running 14 tests using 2 workers

  ✓   1 [desktop] › test/e2e/foundation.spec.ts:20:1 › unauthenticated users do not receive protected shell navigation (656ms)
  ✓   2 [mobile] › test/e2e/foundation.spec.ts:20:1 › unauthenticated users do not receive protected shell navigation (655ms)
  ✓   3 [desktop] › test/e2e/foundation.spec.ts:26:1 › Super Admin receives global shell navigation (803ms)
  ✓   5 [desktop] › test/e2e/foundation.spec.ts:35:1 › Admin scope is enforced by the direct server seam (640ms)
  ✓   4 [mobile] › test/e2e/foundation.spec.ts:26:1 › Super Admin receives global shell navigation (1.6s)
  ✓   6 [desktop] › test/e2e/foundation.spec.ts:48:1 › Admin Bravo receives only Bravo scope (612ms)
  ✓   7 [mobile] › test/e2e/foundation.spec.ts:35:1 › Admin scope is enforced by the direct server seam (703ms)
  ✓   8 [desktop] › test/e2e/foundation.spec.ts:58:1 › Employee navigation excludes management-only modules (603ms)
  ✓   9 [mobile] › test/e2e/foundation.spec.ts:48:1 › Admin Bravo receives only Bravo scope (608ms)
  ✓  10 [desktop] › test/e2e/foundation.spec.ts:69:1 › Employee Bravo remains outside management pages and scopes (590ms)
  ✓  11 [mobile] › test/e2e/foundation.spec.ts:58:1 › Employee navigation excludes management-only modules (567ms)
  ✓  13 [mobile] › test/e2e/foundation.spec.ts:69:1 › Employee Bravo remains outside management pages and scopes (567ms)
  ✓  12 [desktop] › test/e2e/foundation.spec.ts:80:1 › theme preference and RTL shell state persist safely (2.5s)
  ✓  14 [mobile] › test/e2e/foundation.spec.ts:80:1 › theme preference and RTL shell state persist safely (2.0s)

  14 passed (21.4s)
--- Phase 1 foundation shell, personas, and scope: PASS ---

=== Phase 2 employee directory :: node scripts/run-phase2-playwright.mjs (own disposable database + allocated port) ===

Running 20 tests using 2 workers

  ✓   1 [desktop] › test/e2e/employee-directory.spec.ts:4:1 › Super Admin searches employee name and employee code (1.7s)
  ✓   2 [mobile] › test/e2e/employee-directory.spec.ts:4:1 › Super Admin searches employee name and employee code (1.7s)
  ✓   3 [mobile] › test/e2e/employee-directory.spec.ts:17:1 › Super Admin creates a workforce record with a server-generated code and no editable code field (1.2s)
  ✓   4 [desktop] › test/e2e/employee-directory.spec.ts:17:1 › Super Admin creates a workforce record with a server-generated code and no editable code field (1.2s)
  ✓   5 [mobile] › test/e2e/employee-directory.spec.ts:36:1 › creation form returns field-level validation errors (835ms)
  ✓   6 [desktop] › test/e2e/employee-directory.spec.ts:36:1 › creation form returns field-level validation errors (831ms)
  ✓   8 [desktop] › test/e2e/employee-directory.spec.ts:46:1 › Super Admin combines designation, team, and status filters (758ms)
  ✓   7 [mobile] › test/e2e/employee-directory.spec.ts:46:1 › Super Admin combines designation, team, and status filters (893ms)
  ✓   9 [desktop] › test/e2e/employee-directory.spec.ts:60:1 › Admin filtering remains safe within their Team scope (679ms)
  ✓  10 [mobile] › test/e2e/employee-directory.spec.ts:60:1 › Admin filtering remains safe within their Team scope (736ms)
  ✓  11 [desktop] › test/e2e/employee-directory.spec.ts:72:1 › invalid repeated directory parameters fail safely (751ms)
  ✓  12 [mobile] › test/e2e/employee-directory.spec.ts:72:1 › invalid repeated directory parameters fail safely (714ms)
  ✓  13 [desktop] › test/e2e/employee-directory.spec.ts:81:1 › Employee is forbidden from the workforce directory (691ms)
  ✓  14 [mobile] › test/e2e/employee-directory.spec.ts:81:1 › Employee is forbidden from the workforce directory (740ms)
  ✓  16 [mobile] › test/e2e/employee-directory.spec.ts:89:1 › management details preserve Admin privacy and provide visible Super Admin controls (3.0s)
  ✓  15 [desktop] › test/e2e/employee-directory.spec.ts:89:1 › management details preserve Admin privacy and provide visible Super Admin controls (5.5s)
  ✓  17 [mobile] › test/e2e/employee-directory.spec.ts:114:1 › Super Admin can use visible management controls without granting manager or Admin authority implicitly (8.2s)
  ✓  18 [desktop] › test/e2e/employee-directory.spec.ts:114:1 › Super Admin can use visible management controls without granting manager or Admin authority implicitly (7.9s)
  ✓  19 [mobile] › test/e2e/employee-directory.spec.ts:162:1 › Employee views and updates only the self-service profile (2.7s)
  ✓  20 [desktop] › test/e2e/employee-directory.spec.ts:162:1 › Employee views and updates only the self-service profile (1.6s)

  20 passed (39.9s)
--- Phase 2 employee directory: PASS ---

=== Phase 3 client/project/location :: node scripts/run-phase3-playwright.mjs (own disposable database + allocated port) ===

Running 14 tests using 2 workers

  ✓   1 [desktop] › test/e2e/phase3-operations.spec.ts:20:1 › Super Admin creates Client → Projects → new Location and deliberately reuses it (7.8s)
  ✓   2 [mobile] › test/e2e/phase3-operations.spec.ts:20:1 › Super Admin creates Client → Projects → new Location and deliberately reuses it (8.5s)
  ✓   3 [desktop] › test/e2e/phase3-operations.spec.ts:31:1 › Client-scoped Admin manages descendants while relationship-only and unscoped Admins remain denied (1.8s)
  ✓   4 [mobile] › test/e2e/phase3-operations.spec.ts:31:1 › Client-scoped Admin manages descendants while relationship-only and unscoped Admins remain denied (1.8s)
  ✓   5 [desktop] › test/e2e/phase3-operations.spec.ts:36:1 › Project and Location scopes never climb upward or reach siblings (965ms)
  ✓   6 [mobile] › test/e2e/phase3-operations.spec.ts:36:1 › Project and Location scopes never climb upward or reach siblings (791ms)
  ✓   7 [desktop] › test/e2e/phase3-operations.spec.ts:41:1 › Employee has no Phase 3 navigation, pages, or sensitive operational projection (797ms)
  ✓   8 [mobile] › test/e2e/phase3-operations.spec.ts:41:1 › Employee has no Phase 3 navigation, pages, or sensitive operational projection (701ms)
  ✓  10 [mobile] › test/e2e/phase3-operations.spec.ts:45:1 › archive safeguards and stale submissions fail with understandable state (5.0s)
  ✓   9 [desktop] › test/e2e/phase3-operations.spec.ts:45:1 › archive safeguards and stale submissions fail with understandable state (5.5s)
  ✓  12 [desktop] › test/e2e/phase3-operations.spec.ts:50:1 › cross-client and invalid coordinate submissions cannot create hidden relationships (5.3s)
  ✓  11 [mobile] › test/e2e/phase3-operations.spec.ts:50:1 › cross-client and invalid coordinate submissions cannot create hidden relationships (6.2s)
  ✓  13 [desktop] › test/e2e/phase3-operations.spec.ts:55:1 › Super Admin scope control is explicit and separate from Account Manager (2.3s)
  ✓  14 [mobile] › test/e2e/phase3-operations.spec.ts:55:1 › Super Admin scope control is explicit and separate from Account Manager (3.1s)

  14 passed (43.9s)
--- Phase 3 client/project/location: PASS ---

=== Phase 4 scheduling publication :: node scripts/run-phase4-playwright.mjs (own disposable database + allocated port) ===

Running 2 tests using 2 workers

[WebServer] (node:58574) DeprecationWarning: Calling client.query() when the client is already executing a query is deprecated and will be removed in pg@9.0. Use async/await or an external async flow control mechanism instead.
[WebServer] (Use `node --trace-deprecation ...` to show where the warning was created)
  ✓  1 [mobile] › test/e2e/phase4-scheduling.spec.ts:6:1 › Super Admin publishes a monthly assignment and Employee sees only My Schedule (9.0s)
  ✓  2 [desktop] › test/e2e/phase4-scheduling.spec.ts:6:1 › Super Admin publishes a monthly assignment and Employee sees only My Schedule (11.2s)

  2 passed (31.6s)
--- Phase 4 scheduling publication: PASS ---

=== Phase 5 leave and availability :: node scripts/run-phase5-playwright.mjs (own disposable database + allocated port) ===

Running 2 tests using 1 worker

  ✓  1 [desktop] › test/e2e/phase5-leave.spec.ts:4:1 › Employee requests leave and Super Admin decides it (3.7s)
  ✓  2 [mobile] › test/e2e/phase5-leave.spec.ts:4:1 › Employee requests leave and Super Admin decides it (3.1s)

  2 passed (27.1s)
Phase 5 browser disposable database cleanup complete.
--- Phase 5 leave and availability: PASS ---

=== Phase 6 skills and capabilities :: node scripts/run-phase6-playwright.mjs (own disposable database + allocated port) ===

Running 2 tests using 1 worker

  ✓  1 [desktop] › test/e2e/phase6-capabilities.spec.ts:6:1 › Super Admin records a skill and the Employee sees only their own recorded fact (2.9s)
  ✓  2 [mobile] › test/e2e/phase6-capabilities.spec.ts:6:1 › Super Admin records a skill and the Employee sees only their own recorded fact (3.0s)

  2 passed (24.8s)
Phase 6 browser disposable database cleanup complete.
--- Phase 6 skills and capabilities: PASS ---

=== Phase 7 coverage and replacement :: node scripts/run-phase7-playwright.mjs (own disposable database + allocated port) ===

Running 4 tests using 1 worker

  ✓  1 [desktop] › test/e2e/phase7-coverage.spec.ts:4:1 › Super Admin sees non-blocking coverage and replacement workspaces; Employee is kept out (1.6s)
[WebServer] (node:58963) DeprecationWarning: Calling client.query() when the client is already executing a query is deprecated and will be removed in pg@9.0. Use async/await or an external async flow control mechanism instead.
[WebServer] (Use `node --trace-deprecation ...` to show where the warning was created)
  ✓  2 [desktop] › test/e2e/phase7-coverage.spec.ts:6:1 › replacement decision confirmation stays visible after its pending card and dialog disappear (5.8s)
  ✓  3 [mobile] › test/e2e/phase7-coverage.spec.ts:4:1 › Super Admin sees non-blocking coverage and replacement workspaces; Employee is kept out (1.4s)
  ✓  4 [mobile] › test/e2e/phase7-coverage.spec.ts:6:1 › replacement decision confirmation stays visible after its pending card and dialog disappear (6.0s)

  4 passed (31.9s)
Phase 7 browser disposable database cleanup complete.
--- Phase 7 coverage and replacement: PASS ---

=== Phase 8 static planning map :: node scripts/run-phase8-playwright.mjs (own disposable database + allocated port) ===

Running 6 tests using 1 worker

  ✓  1 [desktop] › test/e2e/phase8-planning-map.spec.ts:8:1 › Super Admin sees static Published planning facts and safe fallback (1.4s)
  ✓  2 [desktop] › test/e2e/phase8-planning-map.spec.ts:9:1 › Scoped Admin receives only the coarse Team × operational intersection and Employee is denied (1.9s)
  ✓  3 [desktop] › test/e2e/phase8-planning-map.spec.ts:11:1 › filter form accepts All authorized and employee identifiers, and map dragging follows the pointer (1.4s)
  ✓  4 [mobile] › test/e2e/phase8-planning-map.spec.ts:8:1 › Super Admin sees static Published planning facts and safe fallback (741ms)
  ✓  5 [mobile] › test/e2e/phase8-planning-map.spec.ts:9:1 › Scoped Admin receives only the coarse Team × operational intersection and Employee is denied (1.4s)
  ✓  6 [mobile] › test/e2e/phase8-planning-map.spec.ts:11:1 › filter form accepts All authorized and employee identifiers, and map dragging follows the pointer (1.7s)

  6 passed (32.6s)
Phase 8 browser disposable database cleanup complete.
--- Phase 8 static planning map: PASS ---

=== Phase 9 capability evidence :: node scripts/run-phase9-playwright.mjs (own disposable database + allocated port) ===

Running 4 tests using 1 worker

  ✓  1 [desktop] › test/e2e/phase9-evidence.spec.ts:18:1 › Employee saves capability evidence privately, Super Admin reviews and verifies it, and the owner archives it (8.3s)
  ✓  2 [desktop] › test/e2e/phase9-evidence.spec.ts:104:1 › Scoped Admin receives certification summary only and Employee is denied management evidence (3.3s)
  ✓  3 [mobile] › test/e2e/phase9-evidence.spec.ts:18:1 › Employee saves capability evidence privately, Super Admin reviews and verifies it, and the owner archives it (4.9s)
  ✓  4 [mobile] › test/e2e/phase9-evidence.spec.ts:104:1 › Scoped Admin receives certification summary only and Employee is denied management evidence (2.9s)

  4 passed (43.6s)
Phase 9 browser disposable database cleanup complete.
--- Phase 9 capability evidence: PASS ---

=== Phase 10 collaboration and governance :: node scripts/run-phase10-playwright.mjs (own disposable database + allocated port) ===

Running 2 tests using 1 worker

  ✓  1 [desktop] › test/e2e/phase10-collaboration.spec.ts:10:1 › Admin governs shared notes and management notes, participants discuss a request, and notifications and audit stay scoped (5.1s)
  ✓  2 [mobile] › test/e2e/phase10-collaboration.spec.ts:10:1 › Admin governs shared notes and management notes, participants discuss a request, and notifications and audit stay scoped (5.2s)

  2 passed (30.3s)
Phase 10 browser disposable database cleanup complete.
--- Phase 10 collaboration and governance: PASS ---

=== Phase 11 dashboards, reports and exports :: node scripts/run-phase11-playwright.mjs (own disposable database + allocated port) ===

Running 8 tests using 1 worker

  ✓  1 [desktop] › test/e2e/phase11-reporting.spec.ts:20:1 › Super Admin reporting: dashboard, published allocation drill-down, planning separation, and a bounded CSV export (1.4s)
  ✓  2 [desktop] › test/e2e/phase11-reporting.spec.ts:73:1 › Scoped Admin reporting is scope-bounded, may open planning, may not reach audit, and may not export planning (838ms)
  ✓  3 [desktop] › test/e2e/phase11-reporting.spec.ts:114:1 › Employee dashboard is self-only and reporting stays closed (817ms)
  ✓  4 [desktop] › test/e2e/phase11-reporting.spec.ts:146:1 › report filters apply without errors, retain their values and export the same conflict window (934ms)
  ✓  5 [mobile] › test/e2e/phase11-reporting.spec.ts:20:1 › Super Admin reporting: dashboard, published allocation drill-down, planning separation, and a bounded CSV export (745ms)
  ✓  6 [mobile] › test/e2e/phase11-reporting.spec.ts:73:1 › Scoped Admin reporting is scope-bounded, may open planning, may not reach audit, and may not export planning (803ms)
  ✓  7 [mobile] › test/e2e/phase11-reporting.spec.ts:114:1 › Employee dashboard is self-only and reporting stays closed (707ms)
  ✓  8 [mobile] › test/e2e/phase11-reporting.spec.ts:146:1 › report filters apply without errors, retain their values and export the same conflict window (887ms)

  8 passed (27.2s)
Phase 11 browser disposable database cleanup complete.
--- Phase 11 dashboards, reports and exports: PASS ---

=== Credential authentication login :: node scripts/run-credential-e2e.mjs (own disposable database + allocated port) ===
[WebServer]
[WebServer] > scopeis-team-management-system@0.1.0 build:safe
[WebServer] > node scripts/run-phase2-safe-build.mjs --serve-port 55563
[WebServer]
[WebServer] Phase 2 safe build preflight passed: isolated copy contains no .env* files.
[WebServer] Phase 2 isolated typecheck passed.
[WebServer] ▲ Next.js 16.3.3 (webpack)
[WebServer] ✓ Running next.config.ts took 13ms
[WebServer]
[WebServer]   Creating an optimized production build ...
[WebServer] ✓ Compiled successfully in 6.1s
[WebServer]   Running TypeScript ...
[WebServer]   Finished TypeScript in 3.6s ...
[WebServer]   Collecting page data using 9 workers ...
[WebServer]   Generating static pages using 9 workers (0/7) ...
[WebServer]   Generating static pages using 9 workers (1/7)
[WebServer]   Generating static pages using 9 workers (3/7)
[WebServer]   Generating static pages using 9 workers (5/7)
[WebServer] ✓ Generating static pages using 9 workers (7/7) in 59ms
[WebServer]   Finalizing page optimization ...
[WebServer]   Collecting build traces ...
[WebServer]
[WebServer] Route (app)
[WebServer] ┌ ƒ /
[WebServer] ├ ƒ /_not-found
[WebServer] ├ ƒ /[module]
[WebServer] ├ ƒ /account/change-password
[WebServer] ├ ƒ /accounts
[WebServer] ├ ƒ /api/auth/login
[WebServer] ├ ƒ /api/auth/logout
[WebServer] ├ ƒ /api/auth/mock-login
[WebServer] ├ ƒ /api/evidence/[evidenceId]/files
[WebServer] ├ ƒ /api/evidence/files/[fileId]
[WebServer] ├ ƒ /api/foundation/scope/[scopeRef]
[WebServer] ├ ƒ /api/reports/[reportKey]/export
[WebServer] ├ ƒ /audit
[WebServer] ├ ƒ /clients
[WebServer] ├ ƒ /clients/[clientId]
[WebServer] ├ ƒ /coverage
[WebServer] ├ ƒ /dashboard
[WebServer] ├ ƒ /employees
[WebServer] ├ ƒ /employees/[userId]
[WebServer] ├ ƒ /leave
[WebServer] ├ ƒ /locations
[WebServer] ├ ƒ /locations/[locationId]
[WebServer] ├ ƒ /login
[WebServer] ├ ƒ /map
[WebServer] ├ ƒ /notifications
[WebServer] ├ ƒ /profile
[WebServer] ├ ƒ /projects
[WebServer] ├ ƒ /projects/[projectId]
[WebServer] ├ ƒ /replacements
[WebServer] ├ ƒ /reports
[WebServer] ├ ƒ /reports/[reportKey]
[WebServer] ├ ƒ /requests
[WebServer] ├ ƒ /schedule
[WebServer] └ ƒ /skills
[WebServer]
[WebServer]
[WebServer] ƒ  (Dynamic)  server-rendered on demand
[WebServer]
[WebServer] ▲ Next.js 16.3.3
[WebServer] - Local:         http://127.0.0.1:55563
[WebServer] - Network:       http://127.0.0.1:55563
[WebServer] ✓ Ready in 75ms
[WebServer] ✓ Running next.config.ts took 12ms

Running 2 tests using 1 worker

{"loginStatus":200,"errorCode":null,"browserErrors":{"console":0,"page":0}}
  ✓  1 [desktop] › test/e2e/credential-login.spec.ts:5:1 › credential login creates an opaque session and reaches the dashboard (663ms)
{"loginStatus":200,"errorCode":null,"browserErrors":{"console":0,"page":0}}
  ✓  2 [mobile] › test/e2e/credential-login.spec.ts:5:1 › credential login creates an opaque session and reaches the dashboard (256ms)
[WebServer] Phase 2 isolated safe build cleanup complete.

  2 passed (19.8s)
Credential browser disposable database cleanup complete.
--- Credential authentication login: PASS ---

=== Super Admin account administration :: node scripts/run-account-e2e.mjs (own disposable database + allocated port) ===
[WebServer]
[WebServer] > scopeis-team-management-system@0.1.0 build:safe
[WebServer] > node scripts/run-phase2-safe-build.mjs --serve-port 55639
[WebServer]
[WebServer] Phase 2 safe build preflight passed: isolated copy contains no .env* files.
[WebServer] Phase 2 isolated typecheck passed.
[WebServer] ▲ Next.js 16.3.3 (webpack)
[WebServer] ✓ Running next.config.ts took 10ms
[WebServer]
[WebServer]   Creating an optimized production build ...
[WebServer] ✓ Compiled successfully in 5.9s
[WebServer]   Running TypeScript ...
[WebServer]   Finished TypeScript in 3.3s ...
[WebServer]   Collecting page data using 9 workers ...
[WebServer]   Generating static pages using 9 workers (0/7) ...
[WebServer]   Generating static pages using 9 workers (1/7)
[WebServer]   Generating static pages using 9 workers (3/7)
[WebServer]   Generating static pages using 9 workers (5/7)
[WebServer] ✓ Generating static pages using 9 workers (7/7) in 124ms
[WebServer]   Finalizing page optimization ...
[WebServer]   Collecting build traces ...
[WebServer]
[WebServer] Route (app)
[WebServer] ┌ ƒ /
[WebServer] ├ ƒ /_not-found
[WebServer] ├ ƒ /[module]
[WebServer] ├ ƒ /account/change-password
[WebServer] ├ ƒ /accounts
[WebServer] ├ ƒ /api/auth/login
[WebServer] ├ ƒ /api/auth/logout
[WebServer] ├ ƒ /api/auth/mock-login
[WebServer] ├ ƒ /api/evidence/[evidenceId]/files
[WebServer] ├ ƒ /api/evidence/files/[fileId]
[WebServer] ├ ƒ /api/foundation/scope/[scopeRef]
[WebServer] ├ ƒ /api/reports/[reportKey]/export
[WebServer] ├ ƒ /audit
[WebServer] ├ ƒ /clients
[WebServer] ├ ƒ /clients/[clientId]
[WebServer] ├ ƒ /coverage
[WebServer] ├ ƒ /dashboard
[WebServer] ├ ƒ /employees
[WebServer] ├ ƒ /employees/[userId]
[WebServer] ├ ƒ /leave
[WebServer] ├ ƒ /locations
[WebServer] ├ ƒ /locations/[locationId]
[WebServer] ├ ƒ /login
[WebServer] ├ ƒ /map
[WebServer] ├ ƒ /notifications
[WebServer] ├ ƒ /profile
[WebServer] ├ ƒ /projects
[WebServer] ├ ƒ /projects/[projectId]
[WebServer] ├ ƒ /replacements
[WebServer] ├ ƒ /reports
[WebServer] ├ ƒ /reports/[reportKey]
[WebServer] ├ ƒ /requests
[WebServer] ├ ƒ /schedule
[WebServer] └ ƒ /skills
[WebServer]
[WebServer]
[WebServer] ƒ  (Dynamic)  server-rendered on demand
[WebServer]
[WebServer] ▲ Next.js 16.3.3
[WebServer] - Local:         http://127.0.0.1:55639
[WebServer] - Network:       http://127.0.0.1:55639
[WebServer] ✓ Ready in 82ms
[WebServer] ✓ Running next.config.ts took 13ms

Running 2 tests using 1 worker

  ✓  1 [desktop] › test/e2e/account-administration.spec.ts:19:1 › Super Admin creates and resets an account; other roles cannot reach /accounts (7.1s)
  ✓  2 [mobile] › test/e2e/account-administration.spec.ts:19:1 › Super Admin creates and resets an account; other roles cannot reach /accounts (8.8s)
[WebServer] Phase 2 isolated safe build cleanup complete.

  2 passed (32.8s)
Account administration browser disposable database cleanup complete.
--- Super Admin account administration: PASS ---

=== Responsive UI, task discovery and planning workspace :: node scripts/run-responsive-playwright.mjs (own disposable database + allocated port) ===

Running 12 tests using 1 worker

  ✓   1 test/e2e/responsive.spec.ts:24:3 › expressive motion › motion stays finite, preserves modal focus and works across desktop and phone (9.8s)
  ✓   2 test/e2e/responsive.spec.ts:169:1 › all management screens and report tables fit from phone to wide desktop (23.2s)
  ✓   3 test/e2e/responsive.spec.ts:195:1 › create and review dialogs fit phones, tablets, and short landscape screens (3.8m)
  ✓   4 test/e2e/responsive.spec.ts:231:1 › role navigation, RTL, dark theme and enlarged text reflow (37.8s)
  ✓   5 test/e2e/responsive.spec.ts:274:1 › sign in, password change and unavailable pages fit every viewport (2.0s)
  ✓   6 test/e2e/responsive.spec.ts:294:1 › More navigation stays usable on tablets and closes with focus restored on desktop (3.1s)
  ✓   7 test/e2e/responsive.spec.ts:316:1 › task dialogs keep fields and actions above a simulated mobile keyboard (1.6s)
  ✓   8 test/e2e/responsive.spec.ts:345:1 › visual controls keep contrast, focus and native modal behavior in both themes (3.6s)
  ✓   9 test/e2e/responsive.spec.ts:426:1 › reduced motion removes decorative movement and forced colors retain controls (721ms)
  ✓  10 test/e2e/responsive.spec.ts:454:1 › desktop hover is tactile and reduced motion removes its movement (2.8s)
  ✓  11 test/e2e/responsive.spec.ts:475:1 › the planning workspace fits its pins and exposes filters, search and next actions on every screen (7.7s)
  ✓  12 test/e2e/responsive.spec.ts:528:1 › feature discovery stays usable and role-specific on phone, desktop and RTL with larger text (16.4s)

  Slow test file: test/e2e/responsive.spec.ts (5.7m)
  Consider running tests from slow files in parallel. See: https://playwright.dev/docs/test-parallel
  12 passed (6.0m)
Responsive browser disposable database cleanup complete.
--- Responsive UI, task discovery and planning workspace: PASS ---

Aggregate E2E summary (each phase runner isolated on its own disposable database and port):
  PASS  Phase 1 foundation shell, personas, and scope
  PASS  Phase 2 employee directory
  PASS  Phase 3 client/project/location
  PASS  Phase 4 scheduling publication
  PASS  Phase 5 leave and availability
  PASS  Phase 6 skills and capabilities
  PASS  Phase 7 coverage and replacement
  PASS  Phase 8 static planning map
  PASS  Phase 9 capability evidence
  PASS  Phase 10 collaboration and governance
  PASS  Phase 11 dashboards, reports and exports
  PASS  Credential authentication login
  PASS  Super Admin account administration
  PASS  Responsive UI, task discovery and planning workspace
  Overall: 14/14 suites passed
----- Aggregate E2E: PASS -----

===== SYSTEM LOCK :: Safe build =====
Phase 2 safe build preflight passed: isolated copy contains no .env* files.
Phase 2 isolated typecheck passed.
▲ Next.js 16.3.3 (webpack)
✓ Running next.config.ts took 119ms

  Creating an optimized production build ...
✓ Compiled successfully in 5.1s
  Running TypeScript ...
  Finished TypeScript in 3.4s ...
  Collecting page data using 9 workers ...
  Generating static pages using 9 workers (0/7) ...
  Generating static pages using 9 workers (1/7)
  Generating static pages using 9 workers (3/7)
  Generating static pages using 9 workers (5/7)
✓ Generating static pages using 9 workers (7/7) in 74ms
  Finalizing page optimization ...
  Collecting build traces ...

Route (app)
┌ ƒ /
├ ƒ /_not-found
├ ƒ /[module]
├ ƒ /account/change-password
├ ƒ /accounts
├ ƒ /api/auth/login
├ ƒ /api/auth/logout
├ ƒ /api/auth/mock-login
├ ƒ /api/evidence/[evidenceId]/files
├ ƒ /api/evidence/files/[fileId]
├ ƒ /api/foundation/scope/[scopeRef]
├ ƒ /api/reports/[reportKey]/export
├ ƒ /audit
├ ƒ /clients
├ ƒ /clients/[clientId]
├ ƒ /coverage
├ ƒ /dashboard
├ ƒ /employees
├ ƒ /employees/[userId]
├ ƒ /leave
├ ƒ /locations
├ ƒ /locations/[locationId]
├ ƒ /login
├ ƒ /map
├ ƒ /notifications
├ ƒ /profile
├ ƒ /projects
├ ƒ /projects/[projectId]
├ ƒ /replacements
├ ƒ /reports
├ ƒ /reports/[reportKey]
├ ƒ /requests
├ ƒ /schedule
└ ƒ /skills


ƒ  (Dynamic)  server-rendered on demand

Phase 2 isolated safe build cleanup complete.
----- Safe build: PASS -----

===== SYSTEM LOCK :: Diff whitespace check =====
----- Diff whitespace check: PASS -----

System-lock summary (fail-closed):
  PASS  Scenario manifest validation
  PASS  Typecheck
  PASS  Lint
  PASS  Unit tests
  PASS  Component tests
  PASS  Aggregate integration tests
  PASS  Migration tests
  PASS  Route certification
  PASS  Isolation tests
  PASS  Seed smoke
  PASS  Fresh-system smoke
  PASS  Aggregate E2E
  PASS  Safe build
  PASS  Diff whitespace check
  Overall: 14/14 steps passed; 0 interruption(s).
  SYSTEM LOCK: GREEN
